Configuration on demand is an incubating feature.

> Configure project :androidApp
WARNING: The option setting 'android.overridePathCheck=true' is experimental.
The current default is 'false'.

> Task :androidApp:preBuild UP-TO-DATE
> Task :shared:preBuild UP-TO-DATE
> Task :androidApp:preDebugBuild UP-TO-DATE
> Task :shared:preDebugBuild UP-TO-DATE
> Task :androidApp:mergeDebugNativeDebugMetadata NO-SOURCE
> Task :shared:writeDebugAarMetadata UP-TO-DATE
> Task :androidApp:checkKotlinGradlePluginConfigurationErrors
> Task :shared:generateDebugResValues UP-TO-DATE
> Task :shared:generateDebugResources UP-TO-DATE
> Task :shared:packageDebugResources UP-TO-DATE
> Task :shared:extractDeepLinksDebug UP-TO-DATE
> Task :shared:processDebugManifest UP-TO-DATE
> Task :shared:compileDebugLibraryResources UP-TO-DATE
> Task :shared:parseDebugLocalResources UP-TO-DATE
> Task :shared:generateDebugRFile UP-TO-DATE
> Task :shared:checkKotlinGradlePluginConfigurationErrors
> Task :androidApp:checkDebugAarMetadata UP-TO-DATE
> Task :androidApp:generateDebugResValues UP-TO-DATE
> Task :androidApp:processDebugGoogleServices UP-TO-DATE
> Task :androidApp:mapDebugSourceSetPaths UP-TO-DATE
> Task :androidApp:generateDebugResources UP-TO-DATE
> Task :androidApp:mergeDebugResources UP-TO-DATE
> Task :androidApp:packageDebugResources UP-TO-DATE
> Task :androidApp:parseDebugLocalResources UP-TO-DATE
> Task :androidApp:createDebugCompatibleScreenManifests UP-TO-DATE
> Task :androidApp:extractDeepLinksDebug UP-TO-DATE
> Task :androidApp:processDebugMainManifest UP-TO-DATE
> Task :androidApp:processDebugManifest UP-TO-DATE
> Task :androidApp:processDebugManifestForPackage UP-TO-DATE
> Task :shared:kspDebugKotlinAndroid UP-TO-DATE
> Task :shared:compileDebugKotlinAndroid UP-TO-DATE
> Task :shared:javaPreCompileDebug UP-TO-DATE
> Task :shared:compileDebugJavaWithJavac UP-TO-DATE
> Task :androidApp:processDebugResources UP-TO-DATE
> Task :shared:bundleLibCompileToJarDebug UP-TO-DATE
> Task :androidApp:javaPreCompileDebug UP-TO-DATE
> Task :shared:mergeDebugShaders UP-TO-DATE
> Task :shared:compileDebugShaders NO-SOURCE
> Task :shared:generateDebugAssets UP-TO-DATE
> Task :shared:packageDebugAssets UP-TO-DATE
> Task :shared:bundleLibRuntimeToJarDebug UP-TO-DATE
> Task :shared:processDebugJavaRes UP-TO-DATE
> Task :shared:bundleLibRuntimeToDirDebug UP-TO-DATE
> Task :shared:mergeDebugJniLibFolders UP-TO-DATE
> Task :shared:mergeDebugNativeLibs NO-SOURCE
> Task :shared:copyDebugJniLibsProjectOnly UP-TO-DATE
> Task :androidApp:mergeDebugShaders UP-TO-DATE
> Task :androidApp:compileDebugShaders NO-SOURCE
> Task :androidApp:generateDebugAssets UP-TO-DATE
> Task :androidApp:mergeDebugAssets UP-TO-DATE
> Task :androidApp:compressDebugAssets UP-TO-DATE
> Task :androidApp:desugarDebugFileDependencies UP-TO-DATE
> Task :androidApp:checkDebugDuplicateClasses UP-TO-DATE
> Task :androidApp:mergeExtDexDebug UP-TO-DATE
> Task :androidApp:mergeLibDexDebug UP-TO-DATE
> Task :androidApp:mergeDebugJniLibFolders UP-TO-DATE
> Task :androidApp:mergeDebugNativeLibs UP-TO-DATE
> Task :androidApp:stripDebugDebugSymbols UP-TO-DATE
> Task :androidApp:validateSigningDebug UP-TO-DATE
> Task :androidApp:writeDebugAppMetadata UP-TO-DATE
> Task :androidApp:writeDebugSigningConfigVersions UP-TO-DATE

> Task :androidApp:compileDebugKotlin FAILED

[Incubating] Problems report is available at: file:///D:/developpement/bandtrack-mobile/build/reports/problems/problems-report.html

Deprecated Gradle features were used in this build, making it incompatible with Gradle 9.0.

You can use '--warning-mode all' to show the individual deprecation warnings and determine if they come from your own scripts or plugins.

For more on this, please refer to https://docs.gradle.org/8.13/userguide/command_line_interface.html#sec:command_line_warnings in the Gradle documentation.
50 actionable tasks: 3 executed, 47 up-to-date
