WARNING: A restricted method in java.lang.System has been called
WARNING: java.lang.System::load has been called by net.rubygrapefruit.platform.internal.NativeLibraryLoader in an unnamed module (file:/C:/Users/ebrangerieau/.gradle/wrapper/dists/gradle-8.13-bin/5xuhj0ry160q40clulazy9h7d/gradle-8.13/lib/native-platform-0.22-milestone-28.jar)
WARNING: Use --enable-native-access=ALL-UNNAMED to avoid a warning for callers in this module
WARNING: Restricted methods will be blocked in a future release unless native access is enabled

Configuration on demand is an incubating feature.

> Configure project :androidApp
WARNING: The option setting 'android.overridePathCheck=true' is experimental.
The current default is 'false'.


[Incubating] Problems report is available at: file:///D:/developpement/bandtrack-mobile/build/reports/problems/problems-report.html
FAILURE: Build failed with an exception.

* What went wrong:
Could not determine the dependencies of task ':shared:generateReleaseLintModel'.
> Could not resolve all dependencies for configuration ':shared:releaseUnitTestRuntimeClasspath'.
   > Could not create task ':shared:testReleaseUnitTest'.
      > Could not create task of type 'AndroidUnitTest'.
         > Could not create an instance of type org.gradle.api.internal.tasks.testing.DefaultTestTaskReports.
            > Could not create an instance of type org.gradle.api.reporting.internal.DefaultReportContainer.
               > Type T not present

* Try:
> Run with --info or --debug option to get more log output.
> Run with --scan to get full insights.
> Get more help at https://help.gradle.org.

* Exception is:
org.gradle.api.internal.tasks.TaskDependencyResolveException: Could not determine the dependencies of task ':shared:generateReleaseLintModel'.
	at org.gradle.api.internal.tasks.CachingTaskDependencyResolveContext.getDependencies(CachingTaskDependencyResolveContext.java:70)
	at org.gradle.execution.plan.TaskDependencyResolver.resolveDependenciesFor(TaskDependencyResolver.java:49)
	at org.gradle.execution.plan.LocalTaskNode.getDependencies(LocalTaskNode.java:151)
	at org.gradle.execution.plan.LocalTaskNode.resolveDependencies(LocalTaskNode.java:125)
	at org.gradle.execution.plan.DefaultExecutionPlan.discoverNodeRelationships(DefaultExecutionPlan.java:182)
	at org.gradle.execution.plan.DefaultExecutionPlan.doAddEntryNodes(DefaultExecutionPlan.java:154)
	at org.gradle.execution.plan.DefaultExecutionPlan.addEntryTasks(DefaultExecutionPlan.java:129)
	at org.gradle.execution.plan.DefaultExecutionPlan.addEntryTasks(DefaultExecutionPlan.java:121)
	at org.gradle.execution.TaskNameResolvingBuildTaskScheduler.scheduleRequestedTasks(TaskNameResolvingBuildTaskScheduler.java:61)
	at org.gradle.execution.DefaultTasksBuildTaskScheduler.scheduleRequestedTasks(DefaultTasksBuildTaskScheduler.java:72)
	at org.gradle.initialization.DefaultTaskExecutionPreparer.lambda$scheduleRequestedTasks$0(DefaultTaskExecutionPreparer.java:48)
	at org.gradle.internal.Factories$1.create(Factories.java:31)
	at org.gradle.internal.work.DefaultWorkerLeaseService.withReplacedLocks(DefaultWorkerLeaseService.java:359)
	at org.gradle.api.internal.project.DefaultProjectStateRegistry$DefaultBuildProjectRegistry.withMutableStateOfAllProjects(DefaultProjectStateRegistry.java:239)
	at org.gradle.api.internal.project.DefaultProjectStateRegistry$DefaultBuildProjectRegistry.withMutableStateOfAllProjects(DefaultProjectStateRegistry.java:232)
	at org.gradle.initialization.DefaultTaskExecutionPreparer.scheduleRequestedTasks(DefaultTaskExecutionPreparer.java:47)
	at org.gradle.initialization.VintageBuildModelController.lambda$scheduleRequestedTasks$0(VintageBuildModelController.java:76)
	at org.gradle.internal.model.StateTransitionController.lambda$inState$1(StateTransitionController.java:99)
	at org.gradle.internal.model.StateTransitionController.lambda$inState$2(StateTransitionController.java:114)
	at org.gradle.internal.work.DefaultSynchronizer.withLock(DefaultSynchronizer.java:46)
	at org.gradle.internal.model.StateTransitionController.inState(StateTransitionController.java:110)
	at org.gradle.internal.model.StateTransitionController.inState(StateTransitionController.java:98)
	at org.gradle.initialization.VintageBuildModelController.scheduleRequestedTasks(VintageBuildModelController.java:76)
	at org.gradle.internal.build.DefaultBuildLifecycleController$DefaultWorkGraphBuilder.addRequestedTasks(DefaultBuildLifecycleController.java:404)
	at org.gradle.internal.buildtree.DefaultBuildTreeWorkPreparer.lambda$scheduleRequestedTasks$0(DefaultBuildTreeWorkPreparer.java:41)
	at org.gradle.internal.build.DefaultBuildLifecycleController.lambda$populateWorkGraph$7(DefaultBuildLifecycleController.java:189)
	at org.gradle.internal.build.DefaultBuildWorkPreparer.populateWorkGraph(DefaultBuildWorkPreparer.java:42)
	at org.gradle.internal.build.BuildOperationFiringBuildWorkPreparer$PopulateWorkGraph.populateTaskGraph(BuildOperationFiringBuildWorkPreparer.java:106)
	at org.gradle.internal.build.BuildOperationFiringBuildWorkPreparer$PopulateWorkGraph.run(BuildOperationFiringBuildWorkPreparer.java:92)
	at org.gradle.internal.operations.DefaultBuildOperationRunner$1.execute(DefaultBuildOperationRunner.java:30)
	at org.gradle.internal.operations.DefaultBuildOperationRunner$1.execute(DefaultBuildOperationRunner.java:27)
	at org.gradle.internal.operations.DefaultBuildOperationRunner$2.execute(DefaultBuildOperationRunner.java:67)
	at org.gradle.internal.operations.DefaultBuildOperationRunner$2.execute(DefaultBuildOperationRunner.java:60)
	at org.gradle.internal.operations.DefaultBuildOperationRunner.execute(DefaultBuildOperationRunner.java:167)
	at org.gradle.internal.operations.DefaultBuildOperationRunner.execute(DefaultBuildOperationRunner.java:60)
	at org.gradle.internal.operations.DefaultBuildOperationRunner.run(DefaultBuildOperationRunner.java:48)
	at org.gradle.internal.build.BuildOperationFiringBuildWorkPreparer.populateWorkGraph(BuildOperationFiringBuildWorkPreparer.java:67)
	at org.gradle.internal.build.DefaultBuildLifecycleController.lambda$populateWorkGraph$8(DefaultBuildLifecycleController.java:189)
	at org.gradle.internal.model.StateTransitionController.lambda$inState$1(StateTransitionController.java:99)
	at org.gradle.internal.model.StateTransitionController.lambda$inState$2(StateTransitionController.java:114)
	at org.gradle.internal.work.DefaultSynchronizer.withLock(DefaultSynchronizer.java:46)
	at org.gradle.internal.model.StateTransitionController.inState(StateTransitionController.java:110)
	at org.gradle.internal.model.StateTransitionController.inState(StateTransitionController.java:98)
	at org.gradle.internal.build.DefaultBuildLifecycleController.populateWorkGraph(DefaultBuildLifecycleController.java:189)
	at org.gradle.internal.build.DefaultBuildWorkGraphController$DefaultBuildWorkGraph.populateWorkGraph(DefaultBuildWorkGraphController.java:169)
	at org.gradle.composite.internal.DefaultBuildController.populateWorkGraph(DefaultBuildController.java:76)
	at org.gradle.composite.internal.DefaultIncludedBuildTaskGraph$DefaultBuildTreeWorkGraphBuilder.withWorkGraph(DefaultIncludedBuildTaskGraph.java:153)
	at org.gradle.internal.buildtree.DefaultBuildTreeWorkPreparer.lambda$scheduleRequestedTasks$1(DefaultBuildTreeWorkPreparer.java:41)
	at org.gradle.composite.internal.DefaultIncludedBuildTaskGraph$DefaultBuildTreeWorkGraph$1.run(DefaultIncludedBuildTaskGraph.java:209)
	at org.gradle.internal.operations.DefaultBuildOperationRunner$1.execute(DefaultBuildOperationRunner.java:30)
	at org.gradle.internal.operations.DefaultBuildOperationRunner$1.execute(DefaultBuildOperationRunner.java:27)
	at org.gradle.internal.operations.DefaultBuildOperationRunner$2.execute(DefaultBuildOperationRunner.java:67)
	at org.gradle.internal.operations.DefaultBuildOperationRunner$2.execute(DefaultBuildOperationRunner.java:60)
	at org.gradle.internal.operations.DefaultBuildOperationRunner.execute(DefaultBuildOperationRunner.java:167)
	at org.gradle.internal.operations.DefaultBuildOperationRunner.execute(DefaultBuildOperationRunner.java:60)
	at org.gradle.internal.operations.DefaultBuildOperationRunner.run(DefaultBuildOperationRunner.java:48)
	at org.gradle.composite.internal.DefaultIncludedBuildTaskGraph$DefaultBuildTreeWorkGraph.scheduleWork(DefaultIncludedBuildTaskGraph.java:204)
	at org.gradle.internal.buildtree.DefaultBuildTreeWorkPreparer.scheduleRequestedTasks(DefaultBuildTreeWorkPreparer.java:37)
	at org.gradle.internal.cc.impl.VintageBuildTreeWorkController$scheduleAndRunRequestedTasks$1.apply(VintageBuildTreeWorkController.kt:36)
	at org.gradle.internal.cc.impl.VintageBuildTreeWorkController$scheduleAndRunRequestedTasks$1.apply(VintageBuildTreeWorkController.kt:35)
	at org.gradle.composite.internal.DefaultIncludedBuildTaskGraph.withNewWorkGraph(DefaultIncludedBuildTaskGraph.java:112)
	at org.gradle.internal.cc.impl.VintageBuildTreeWorkController.scheduleAndRunRequestedTasks(VintageBuildTreeWorkController.kt:35)
	at org.gradle.internal.buildtree.DefaultBuildTreeLifecycleController.lambda$scheduleAndRunTasks$1(DefaultBuildTreeLifecycleController.java:77)
	at org.gradle.internal.buildtree.DefaultBuildTreeLifecycleController.lambda$runBuild$4(DefaultBuildTreeLifecycleController.java:120)
	at org.gradle.internal.model.StateTransitionController.lambda$transition$6(StateTransitionController.java:169)
	at org.gradle.internal.model.StateTransitionController.doTransition(StateTransitionController.java:266)
	at org.gradle.internal.model.StateTransitionController.lambda$transition$7(StateTransitionController.java:169)
	at org.gradle.internal.work.DefaultSynchronizer.withLock(DefaultSynchronizer.java:46)
	at org.gradle.internal.model.StateTransitionController.transition(StateTransitionController.java:169)
	at org.gradle.internal.buildtree.DefaultBuildTreeLifecycleController.runBuild(DefaultBuildTreeLifecycleController.java:117)
	at org.gradle.internal.buildtree.DefaultBuildTreeLifecycleController.scheduleAndRunTasks(DefaultBuildTreeLifecycleController.java:77)
	at org.gradle.internal.buildtree.DefaultBuildTreeLifecycleController.scheduleAndRunTasks(DefaultBuildTreeLifecycleController.java:72)
	at org.gradle.tooling.internal.provider.ExecuteBuildActionRunner.run(ExecuteBuildActionRunner.java:31)
	at org.gradle.launcher.exec.ChainingBuildActionRunner.run(ChainingBuildActionRunner.java:35)
	at org.gradle.internal.buildtree.ProblemReportingBuildActionRunner.run(ProblemReportingBuildActionRunner.java:49)
	at org.gradle.launcher.exec.BuildOutcomeReportingBuildActionRunner.run(BuildOutcomeReportingBuildActionRunner.java:71)
	at org.gradle.tooling.internal.provider.FileSystemWatchingBuildActionRunner.run(FileSystemWatchingBuildActionRunner.java:135)
	at org.gradle.launcher.exec.BuildCompletionNotifyingBuildActionRunner.run(BuildCompletionNotifyingBuildActionRunner.java:41)
	at org.gradle.launcher.exec.RootBuildLifecycleBuildActionExecutor.lambda$execute$0(RootBuildLifecycleBuildActionExecutor.java:54)
	at org.gradle.composite.internal.DefaultRootBuildState.run(DefaultRootBuildState.java:130)
	at org.gradle.launcher.exec.RootBuildLifecycleBuildActionExecutor.execute(RootBuildLifecycleBuildActionExecutor.java:54)
	at org.gradle.internal.buildtree.InitDeprecationLoggingActionExecutor.execute(InitDeprecationLoggingActionExecutor.java:62)
	at org.gradle.internal.buildtree.InitProblems.execute(InitProblems.java:36)
	at org.gradle.internal.buildtree.DefaultBuildTreeContext.execute(DefaultBuildTreeContext.java:40)
	at org.gradle.launcher.exec.BuildTreeLifecycleBuildActionExecutor.lambda$execute$0(BuildTreeLifecycleBuildActionExecutor.java:71)
	at org.gradle.internal.buildtree.BuildTreeState.run(BuildTreeState.java:60)
	at org.gradle.launcher.exec.BuildTreeLifecycleBuildActionExecutor.execute(BuildTreeLifecycleBuildActionExecutor.java:71)
	at org.gradle.launcher.exec.RunAsBuildOperationBuildActionExecutor$2.call(RunAsBuildOperationBuildActionExecutor.java:67)
	at org.gradle.launcher.exec.RunAsBuildOperationBuildActionExecutor$2.call(RunAsBuildOperationBuildActionExecutor.java:63)
	at org.gradle.internal.operations.DefaultBuildOperationRunner$CallableBuildOperationWorker.execute(DefaultBuildOperationRunner.java:210)
	at org.gradle.internal.operations.DefaultBuildOperationRunner$CallableBuildOperationWorker.execute(DefaultBuildOperationRunner.java:205)
	at org.gradle.internal.operations.DefaultBuildOperationRunner$2.execute(DefaultBuildOperationRunner.java:67)
	at org.gradle.internal.operations.DefaultBuildOperationRunner$2.execute(DefaultBuildOperationRunner.java:60)
	at org.gradle.internal.operations.DefaultBuildOperationRunner.execute(DefaultBuildOperationRunner.java:167)
	at org.gradle.internal.operations.DefaultBuildOperationRunner.execute(DefaultBuildOperationRunner.java:60)
	at org.gradle.internal.operations.DefaultBuildOperationRunner.call(DefaultBuildOperationRunner.java:54)
	at org.gradle.launcher.exec.RunAsBuildOperationBuildActionExecutor.execute(RunAsBuildOperationBuildActionExecutor.java:63)
	at org.gradle.launcher.exec.RunAsWorkerThreadBuildActionExecutor.lambda$execute$0(RunAsWorkerThreadBuildActionExecutor.java:36)
	at org.gradle.internal.work.DefaultWorkerLeaseService.withLocks(DefaultWorkerLeaseService.java:263)
	at org.gradle.internal.work.DefaultWorkerLeaseService.runAsWorkerThread(DefaultWorkerLeaseService.java:127)
	at org.gradle.launcher.exec.RunAsWorkerThreadBuildActionExecutor.execute(RunAsWorkerThreadBuildActionExecutor.java:36)
	at org.gradle.tooling.internal.provider.continuous.ContinuousBuildActionExecutor.execute(ContinuousBuildActionExecutor.java:110)
	at org.gradle.tooling.internal.provider.SubscribableBuildActionExecutor.execute(SubscribableBuildActionExecutor.java:64)
	at org.gradle.internal.session.DefaultBuildSessionContext.execute(DefaultBuildSessionContext.java:46)
	at org.gradle.internal.buildprocess.execution.BuildSessionLifecycleBuildActionExecutor$ActionImpl.apply(BuildSessionLifecycleBuildActionExecutor.java:92)
	at org.gradle.internal.buildprocess.execution.BuildSessionLifecycleBuildActionExecutor$ActionImpl.apply(BuildSessionLifecycleBuildActionExecutor.java:80)
	at org.gradle.internal.session.BuildSessionState.run(BuildSessionState.java:73)
	at org.gradle.internal.buildprocess.execution.BuildSessionLifecycleBuildActionExecutor.execute(BuildSessionLifecycleBuildActionExecutor.java:62)
	at org.gradle.internal.buildprocess.execution.BuildSessionLifecycleBuildActionExecutor.execute(BuildSessionLifecycleBuildActionExecutor.java:41)
	at org.gradle.internal.buildprocess.execution.StartParamsValidatingActionExecutor.execute(StartParamsValidatingActionExecutor.java:64)
	at org.gradle.internal.buildprocess.execution.StartParamsValidatingActionExecutor.execute(StartParamsValidatingActionExecutor.java:32)
	at org.gradle.internal.buildprocess.execution.SessionFailureReportingActionExecutor.execute(SessionFailureReportingActionExecutor.java:51)
	at org.gradle.internal.buildprocess.execution.SessionFailureReportingActionExecutor.execute(SessionFailureReportingActionExecutor.java:39)
	at org.gradle.internal.buildprocess.execution.SetupLoggingActionExecutor.execute(SetupLoggingActionExecutor.java:47)
	at org.gradle.internal.buildprocess.execution.SetupLoggingActionExecutor.execute(SetupLoggingActionExecutor.java:31)
	at org.gradle.launcher.daemon.server.exec.ExecuteBuild.doBuild(ExecuteBuild.java:70)
	at org.gradle.launcher.daemon.server.exec.BuildCommandOnly.execute(BuildCommandOnly.java:37)
	at org.gradle.launcher.daemon.server.api.DaemonCommandExecution.proceed(DaemonCommandExecution.java:104)
	at org.gradle.launcher.daemon.server.exec.WatchForDisconnection.execute(WatchForDisconnection.java:39)
	at org.gradle.launcher.daemon.server.api.DaemonCommandExecution.proceed(DaemonCommandExecution.java:104)
	at org.gradle.launcher.daemon.server.exec.ResetDeprecationLogger.execute(ResetDeprecationLogger.java:29)
	at org.gradle.launcher.daemon.server.api.DaemonCommandExecution.proceed(DaemonCommandExecution.java:104)
	at org.gradle.launcher.daemon.server.exec.RequestStopIfSingleUsedDaemon.execute(RequestStopIfSingleUsedDaemon.java:35)
	at org.gradle.launcher.daemon.server.api.DaemonCommandExecution.proceed(DaemonCommandExecution.java:104)
	at org.gradle.launcher.daemon.server.exec.ForwardClientInput.lambda$execute$0(ForwardClientInput.java:40)
	at org.gradle.internal.daemon.clientinput.ClientInputForwarder.forwardInput(ClientInputForwarder.java:80)
	at org.gradle.launcher.daemon.server.exec.ForwardClientInput.execute(ForwardClientInput.java:37)
	at org.gradle.launcher.daemon.server.api.DaemonCommandExecution.proceed(DaemonCommandExecution.java:104)
	at org.gradle.launcher.daemon.server.exec.LogAndCheckHealth.execute(LogAndCheckHealth.java:64)
	at org.gradle.launcher.daemon.server.api.DaemonCommandExecution.proceed(DaemonCommandExecution.java:104)
	at org.gradle.launcher.daemon.server.exec.LogToClient.doBuild(LogToClient.java:63)
	at org.gradle.launcher.daemon.server.exec.BuildCommandOnly.execute(BuildCommandOnly.java:37)
	at org.gradle.launcher.daemon.server.api.DaemonCommandExecution.proceed(DaemonCommandExecution.java:104)
	at org.gradle.launcher.daemon.server.exec.EstablishBuildEnvironment.doBuild(EstablishBuildEnvironment.java:84)
	at org.gradle.launcher.daemon.server.exec.BuildCommandOnly.execute(BuildCommandOnly.java:37)
	at org.gradle.launcher.daemon.server.api.DaemonCommandExecution.proceed(DaemonCommandExecution.java:104)
	at org.gradle.launcher.daemon.server.exec.StartBuildOrRespondWithBusy$1.run(StartBuildOrRespondWithBusy.java:52)
	at org.gradle.launcher.daemon.server.DaemonStateCoordinator.lambda$runCommand$0(DaemonStateCoordinator.java:321)
	at org.gradle.internal.concurrent.ExecutorPolicy$CatchAndRecordFailures.onExecute(ExecutorPolicy.java:64)
	at org.gradle.internal.concurrent.AbstractManagedExecutor$1.run(AbstractManagedExecutor.java:48)
Caused by: org.gradle.api.internal.artifacts.ivyservice.TypedResolveException: Could not resolve all dependencies for configuration ':shared:releaseUnitTestRuntimeClasspath'.
	at org.gradle.api.internal.artifacts.ResolveExceptionMapper.mapFailure(ResolveExceptionMapper.java:70)
	at org.gradle.api.internal.artifacts.configurations.DefaultConfiguration.lambda$resolveGraphForBuildDependenciesIfRequired$8(DefaultConfiguration.java:929)
	at org.gradle.api.internal.project.DefaultProjectStateRegistry$CalculatedModelValueImpl.update(DefaultProjectStateRegistry.java:533)
	at org.gradle.api.internal.artifacts.configurations.DefaultConfiguration.resolveGraphForBuildDependenciesIfRequired(DefaultConfiguration.java:913)
	at org.gradle.api.internal.artifacts.configurations.DefaultConfiguration.access$1200(DefaultConfiguration.java:150)
	at org.gradle.api.internal.artifacts.configurations.DefaultConfiguration$ResolverResultsResolutionResultProvider.getTaskDependencyValue(DefaultConfiguration.java:703)
	at org.gradle.api.internal.artifacts.configurations.DefaultConfiguration$ResolverResultsResolutionResultProvider.getTaskDependencyValue(DefaultConfiguration.java:695)
	at org.gradle.api.internal.artifacts.configurations.ResolutionResultProvider$1.getTaskDependencyValue(ResolutionResultProvider.java:49)
	at org.gradle.api.internal.artifacts.configurations.ResolutionResultProviderBackedSelectedArtifactSet.visitDependencies(ResolutionResultProviderBackedSelectedArtifactSet.java:44)
	at org.gradle.api.internal.artifacts.configurations.ResolutionBackedFileCollection.visitDependencies(ResolutionBackedFileCollection.java:58)
	at org.gradle.api.internal.tasks.CachingTaskDependencyResolveContext$TaskGraphImpl.getNodeValues(CachingTaskDependencyResolveContext.java:108)
	at org.gradle.internal.graph.CachingDirectedGraphWalker$GraphWithEmptyEdges.getNodeValues(CachingDirectedGraphWalker.java:219)
	at org.gradle.internal.graph.CachingDirectedGraphWalker.doSearch(CachingDirectedGraphWalker.java:127)
	at org.gradle.internal.graph.CachingDirectedGraphWalker.findValues(CachingDirectedGraphWalker.java:79)
	at org.gradle.api.internal.tasks.CachingTaskDependencyResolveContext.getDependencies(CachingTaskDependencyResolveContext.java:67)
	... 139 more
Caused by: org.gradle.api.internal.tasks.DefaultTaskContainer$TaskCreationException: Could not create task ':shared:testReleaseUnitTest'.
	at org.gradle.api.internal.tasks.DefaultTaskContainer.taskCreationException(DefaultTaskContainer.java:729)
	at org.gradle.api.internal.tasks.DefaultTaskContainer.access$600(DefaultTaskContainer.java:78)
	at org.gradle.api.internal.tasks.DefaultTaskContainer$TaskCreatingProvider.domainObjectCreationException(DefaultTaskContainer.java:721)
	at org.gradle.api.internal.DefaultNamedDomainObjectCollection$AbstractDomainObjectCreatingProvider.tryCreate(DefaultNamedDomainObjectCollection.java:1014)
	at org.gradle.api.internal.tasks.DefaultTaskContainer$TaskCreatingProvider.access$1401(DefaultTaskContainer.java:668)
	at org.gradle.api.internal.tasks.DefaultTaskContainer$TaskCreatingProvider$1.run(DefaultTaskContainer.java:694)
	at org.gradle.internal.operations.DefaultBuildOperationRunner$1.execute(DefaultBuildOperationRunner.java:30)
	at org.gradle.internal.operations.DefaultBuildOperationRunner$1.execute(DefaultBuildOperationRunner.java:27)
	at org.gradle.internal.operations.DefaultBuildOperationRunner$2.execute(DefaultBuildOperationRunner.java:67)
	at org.gradle.internal.operations.DefaultBuildOperationRunner$2.execute(DefaultBuildOperationRunner.java:60)
	at org.gradle.internal.operations.DefaultBuildOperationRunner.execute(DefaultBuildOperationRunner.java:167)
	at org.gradle.internal.operations.DefaultBuildOperationRunner.execute(DefaultBuildOperationRunner.java:60)
	at org.gradle.internal.operations.DefaultBuildOperationRunner.run(DefaultBuildOperationRunner.java:48)
	at org.gradle.api.internal.tasks.DefaultTaskContainer$TaskCreatingProvider.tryCreate(DefaultTaskContainer.java:690)
	at org.gradle.api.internal.DefaultNamedDomainObjectCollection$AbstractDomainObjectCreatingProvider.calculateOwnValue(DefaultNamedDomainObjectCollection.java:988)
	at org.gradle.api.internal.provider.AbstractMinimalProvider.calculateOwnPresentValue(AbstractMinimalProvider.java:82)
	at org.gradle.api.internal.provider.AbstractMinimalProvider.get(AbstractMinimalProvider.java:102)
	at org.gradle.api.internal.DefaultNamedDomainObjectCollection$AbstractDomainObjectCreatingProvider.get(DefaultNamedDomainObjectCollection.java:974)
	at org.gradle.api.internal.tasks.DefaultTaskContainer$TaskCreatingProvider.getProducer(DefaultTaskContainer.java:685)
	at org.gradle.api.internal.provider.TransformBackedProvider.getProducer(TransformBackedProvider.java:60)
	at org.gradle.api.internal.provider.TransformBackedProvider.beforeRead(TransformBackedProvider.java:96)
	at org.gradle.api.internal.provider.TransformBackedProvider.calculateOwnValue(TransformBackedProvider.java:81)
	at org.gradle.api.internal.provider.AbstractMinimalProvider.calculateValue(AbstractMinimalProvider.java:117)
	at org.gradle.api.internal.provider.Collectors$ElementFromProvider.collectEntries(Collectors.java:105)
	at org.gradle.api.internal.provider.Collectors$TypedCollector.collectEntries(Collectors.java:371)
	at org.gradle.api.internal.provider.Collectors$TypedCollector.collectInto(Collectors.java:366)
	at org.gradle.api.internal.collections.AbstractIterationOrderRetainingElementSource$Element.realize(AbstractIterationOrderRetainingElementSource.java:353)
	at org.gradle.api.internal.collections.AbstractIterationOrderRetainingElementSource.addPendingElement(AbstractIterationOrderRetainingElementSource.java:220)
	at org.gradle.api.internal.collections.IterationOrderRetainingSetElementSource.addPending(IterationOrderRetainingSetElementSource.java:120)
	at org.gradle.api.internal.DefaultDomainObjectCollection.doAddLater(DefaultDomainObjectCollection.java:295)
	at org.gradle.api.internal.DefaultDomainObjectCollection.addLater(DefaultDomainObjectCollection.java:290)
	at org.gradle.api.internal.DelegatingDomainObjectSet.addLater(DelegatingDomainObjectSet.java:105)
	at org.jetbrains.kotlin.gradle.internal.KotlinTestDependencyManagementKt$maybeAddTestDependencyCapability$1.execute(kotlinTestDependencyManagement.kt:136)
	at org.jetbrains.kotlin.gradle.internal.KotlinTestDependencyManagementKt$maybeAddTestDependencyCapability$1.execute(kotlinTestDependencyManagement.kt:126)
	at org.gradle.internal.ImmutableActionSet$SetWithFewActions.execute(ImmutableActionSet.java:285)
	at org.gradle.api.internal.artifacts.configurations.DefaultConfiguration.lambda$runDependencyActions$2(DefaultConfiguration.java:496)
	at org.gradle.api.internal.artifacts.configurations.DefaultConfiguration.runActionInHierarchy(DefaultConfiguration.java:1157)
	at org.gradle.api.internal.artifacts.configurations.DefaultConfiguration.runDependencyActions(DefaultConfiguration.java:494)
	at org.gradle.api.internal.artifacts.ivyservice.moduleconverter.dependencies.DefaultLocalVariantGraphResolveStateBuilder.doCreateVariantState(DefaultLocalVariantGraphResolveStateBuilder.java:135)
	at org.gradle.api.internal.artifacts.ivyservice.moduleconverter.dependencies.DefaultLocalVariantGraphResolveStateBuilder.createRootVariantState(DefaultLocalVariantGraphResolveStateBuilder.java:92)
	at org.gradle.api.internal.artifacts.ivyservice.moduleconverter.DefaultRootComponentMetadataBuilder.lambda$toRootComponent$0(DefaultRootComponentMetadataBuilder.java:115)
	at org.gradle.internal.lazy.UnsafeLazy.get(UnsafeLazy.java:35)
	at org.gradle.api.internal.artifacts.ivyservice.moduleconverter.DefaultRootComponentMetadataBuilder$1.getRootVariant(DefaultRootComponentMetadataBuilder.java:133)
	at org.gradle.api.internal.artifacts.ivyservice.DefaultConfigurationResolver.getResolutionParameters(DefaultConfigurationResolver.java:151)
	at org.gradle.api.internal.artifacts.ivyservice.DefaultConfigurationResolver.resolveBuildDependencies(DefaultConfigurationResolver.java:102)
	at org.gradle.api.internal.artifacts.configurations.DefaultConfiguration.lambda$resolveGraphForBuildDependenciesIfRequired$8(DefaultConfiguration.java:927)
	... 152 more
Caused by: org.gradle.api.tasks.TaskInstantiationException: Could not create task of type 'AndroidUnitTest'.
	at org.gradle.api.internal.project.taskfactory.TaskFactory$1.call(TaskFactory.java:95)
	at org.gradle.api.internal.project.taskfactory.TaskFactory$1.call(TaskFactory.java:82)
	at org.gradle.internal.UncheckedException.uncheckedCall(UncheckedException.java:103)
	at org.gradle.api.internal.AbstractTask.injectIntoNewInstance(AbstractTask.java:217)
	at org.gradle.api.internal.project.taskfactory.TaskFactory.create(TaskFactory.java:82)
	at org.gradle.api.internal.project.taskfactory.AnnotationProcessingTaskFactory.create(AnnotationProcessingTaskFactory.java:48)
	at org.gradle.api.internal.tasks.DefaultTaskContainer.createTask(DefaultTaskContainer.java:336)
	at org.gradle.api.internal.tasks.DefaultTaskContainer.access$200(DefaultTaskContainer.java:78)
	at org.gradle.api.internal.tasks.DefaultTaskContainer$TaskCreatingProvider.createDomainObject(DefaultTaskContainer.java:711)
	at org.gradle.api.internal.tasks.DefaultTaskContainer$TaskCreatingProvider.createDomainObject(DefaultTaskContainer.java:668)
	at org.gradle.api.internal.DefaultNamedDomainObjectCollection$AbstractDomainObjectCreatingProvider.tryCreate(DefaultNamedDomainObjectCollection.java:1001)
	... 194 more
Caused by: org.gradle.api.reflect.ObjectInstantiationException: Could not create an instance of type org.gradle.api.internal.tasks.testing.DefaultTestTaskReports.
	at org.gradle.internal.instantiation.generator.DependencyInjectingInstantiator.doCreate(DependencyInjectingInstantiator.java:67)
	at org.gradle.internal.instantiation.generator.DependencyInjectingInstantiator.newInstance(DependencyInjectingInstantiator.java:53)
	at org.gradle.api.internal.model.DefaultObjectFactory.newInstance(DefaultObjectFactory.java:92)
	at org.gradle.api.tasks.testing.AbstractTestTask.<init>(AbstractTestTask.java:187)
	at org.gradle.api.tasks.testing.Test.<init>(Test.java:186)
	at com.android.build.gradle.tasks.factory.AndroidUnitTest.<init>(AndroidUnitTest.java:72)
	at com.android.build.gradle.tasks.factory.AndroidUnitTest_Decorated.<init>(Unknown Source)
	at java.base/jdk.internal.reflect.DirectConstructorHandleAccessor.newInstance(DirectConstructorHandleAccessor.java:62)
	at org.gradle.internal.instantiation.generator.AsmBackedClassGenerator$InvokeConstructorStrategy.newInstance(AsmBackedClassGenerator.java:2127)
	at org.gradle.internal.instantiation.generator.AbstractClassGenerator$GeneratedClassImpl$GeneratedConstructorImpl.newInstance(AbstractClassGenerator.java:548)
	at org.gradle.internal.instantiation.generator.DependencyInjectingInstantiator.doCreate(DependencyInjectingInstantiator.java:62)
	at org.gradle.internal.instantiation.generator.DependencyInjectingInstantiator.newInstanceWithDisplayName(DependencyInjectingInstantiator.java:48)
	at org.gradle.api.internal.project.taskfactory.TaskFactory$1.call(TaskFactory.java:88)
	... 204 more
Caused by: org.gradle.api.reflect.ObjectInstantiationException: Could not create an instance of type org.gradle.api.reporting.internal.DefaultReportContainer.
	at org.gradle.internal.instantiation.generator.DependencyInjectingInstantiator.doCreate(DependencyInjectingInstantiator.java:67)
	at org.gradle.internal.instantiation.generator.DependencyInjectingInstantiator.newInstance(DependencyInjectingInstantiator.java:53)
	at org.gradle.api.internal.model.DefaultObjectFactory.newInstance(DefaultObjectFactory.java:92)
	at org.gradle.api.reporting.internal.DefaultReportContainer.create(DefaultReportContainer.java:68)
	at org.gradle.api.internal.tasks.testing.DefaultTestTaskReports.<init>(DefaultTestTaskReports.java:37)
	at org.gradle.api.internal.tasks.testing.DefaultTestTaskReports_Decorated.<init>(Unknown Source)
	at java.base/jdk.internal.reflect.DirectConstructorHandleAccessor.newInstance(DirectConstructorHandleAccessor.java:62)
	at org.gradle.internal.instantiation.generator.AsmBackedClassGenerator$InvokeConstructorStrategy.newInstance(AsmBackedClassGenerator.java:2127)
	at org.gradle.internal.instantiation.generator.AbstractClassGenerator$GeneratedClassImpl$GeneratedConstructorImpl.newInstance(AbstractClassGenerator.java:548)
	at org.gradle.internal.instantiation.generator.DependencyInjectingInstantiator.doCreate(DependencyInjectingInstantiator.java:62)
	... 216 more
Caused by: java.lang.TypeNotPresentException: Type T not present
	at org.gradle.internal.instantiation.generator.AbstractClassGenerator$GeneratedClassImpl$GeneratedConstructorImpl.getGenericParameterTypes(AbstractClassGenerator.java:578)
	at org.gradle.internal.instantiation.generator.DependencyInjectingInstantiator.addServicesToParameters(DependencyInjectingInstantiator.java:160)
	at org.gradle.internal.instantiation.generator.DependencyInjectingInstantiator.convertParameters(DependencyInjectingInstantiator.java:119)
	at org.gradle.internal.instantiation.generator.DependencyInjectingInstantiator.doCreate(DependencyInjectingInstantiator.java:60)
	... 225 more


Deprecated Gradle features were used in this build, making it incompatible with Gradle 9.0.

You can use '--warning-mode all' to show the individual deprecation warnings and determine if they come from your own scripts or plugins.

For more on this, please refer to https://docs.gradle.org/8.13/userguide/command_line_interface.html#sec:command_line_warnings in the Gradle documentation.

BUILD FAILED in 12s
